// Jest Snapshot v1, https://goo.gl/fbAQLP

exports[`#createPolicyEvaluationEntity should convert to entity 1`] = `
Object {
  "_class": Array [
    "Assessment",
  ],
  "_key": "sysdig_finding:17144f2f45c295bc9785414e83306ba9",
  "_rawData": Array [
    Object {
      "name": "default",
      "rawData": Object {
        "creationTimestamp": "2022-09-02T11:58:59.03062Z",
        "evaluationResult": "failed",
        "failuresCount": Object {
          "imageConfigCreationDate": 0,
          "imageConfigDefaultUser": 0,
          "imageConfigEnvVariable": 0,
          "imageConfigInstructionIsPkgManager": 0,
          "imageConfigInstructionNotRecommended": 0,
          "imageConfigLabel": 0,
          "imageConfigSensitiveInformationAndSecrets": 0,
          "vulnDenyList": 0,
          "vulnSeverityAndThreats": 2,
        },
        "id": "17144f2f45c295bc9785414e83306ba9",
        "identifier": "sysdig_best_practices",
        "name": "Sysdig Best Practices",
        "policyType": "alwaysApply",
        "updateTimestamp": "2022-09-02T11:58:59.03062Z",
      },
    },
  ],
  "_type": "sysdig_policy_evaluation",
  "category": "Vulnerability Scan",
  "completedOn": 1663041226858,
  "createdOn": 1662119939030,
  "creationTimestamp": 1662119939030,
  "displayName": "Sysdig Best Practices",
  "evaluationResult": "failed",
  "failuresCount.imageConfigCreationDate": 0,
  "failuresCount.imageConfigDefaultUser": 0,
  "failuresCount.imageConfigEnvVariable": 0,
  "failuresCount.imageConfigInstructionIsPkgManager": 0,
  "failuresCount.imageConfigInstructionNotRecommended": 0,
  "failuresCount.imageConfigLabel": 0,
  "failuresCount.imageConfigSensitiveInformationAndSecrets": 0,
  "failuresCount.vulnDenyList": 0,
  "failuresCount.vulnSeverityAndThreats": 2,
  "id": "17144f2f45c295bc9785414e83306ba9",
  "identifier": "sysdig_best_practices",
  "internal": true,
  "name": "Sysdig Best Practices",
  "policyType": "alwaysApply",
  "summary": "Sysdig Best Practices",
  "updateTimestamp": 1662119939030,
}
`;
