// Jest Snapshot v1, https://goo.gl/fbAQLP

exports[`#fetchScannerDetails should collect data 1`] = `
Object {
  "collectedEntities": Array [
    Object {
      "_class": Array [
        "Service",
      ],
      "_key": "sysdig_scanner:50003375",
      "_rawData": Array [
        Object {
          "name": "default",
          "rawData": Object {
            "accessKey": "1be2fe7d-f00f-4513-9a15-1384c35d8497",
            "additionalRoles": Array [],
            "agentInstallParams": Object {
              "accessKey": "1be2fe7d-f00f-4513-9a15-1384c35d8497",
              "checkCertificate": true,
              "collectorAddress": "ingest.us4.sysdig.com",
              "collectorPort": 6443,
              "sslEnabled": true,
            },
            "currentTeam": 50006626,
            "customer": Object {
              "accessKey": "1be2fe7d-f00f-4513-9a15-1384c35d8497",
              "dateCreated": 1661791442836,
              "externalId": "fbd8b3fc-781c-4e7f-afac-a2ee9309f4c9",
              "id": 5001686,
              "name": null,
            },
            "customerSettings": Object {
              "environment": Object {},
              "plan": Object {
                "allocatedAgentsCount": 15,
                "indirectCustomer": false,
                "maxAgents": 15,
                "maxTeams": -1,
                "metricsSettings": Object {
                  "enableGlobalK8sAllPodContainers": false,
                  "enablePromCalculatedIngestion": false,
                  "enablePromScrapeV2": true,
                  "enforce": false,
                  "enforceAgentAggregation": true,
                  "limits": Object {
                    "appCheck": 500,
                    "appCheckAggregationCount": 12,
                    "connections": 80,
                    "containerDensity": 200,
                    "containerServerPorts": 5,
                    "hostServerPorts": 10,
                    "jmx": 500,
                    "kubernetesJobs": 10000,
                    "kubernetesPods": 10000,
                    "limitKubernetesResources": false,
                    "meerkatSuited": true,
                    "progAggregationCount": 12,
                    "promMetricsWeight": 0,
                    "prometheus": 8000,
                    "prometheusPerProcess": 500,
                    "statsd": 1000,
                    "topDevicesCount": 10,
                    "topFilesCount": 10,
                  },
                  "showExperimentals": false,
                },
                "migratedToV2Direct": false,
                "monitorEnabled": false,
                "onDemandAgents": 0,
                "overageAssessmentEligible": false,
                "partner": "Direct",
                "paymentsIntegrationId": Object {
                  "id": "not present",
                  "ttl": Object {
                    "ttl": 43,
                  },
                },
                "pricingPlan": "pro",
                "secureEnabled": true,
                "subscriptionState": "trialing",
                "subscriptionVersion": 2,
                "timelines": Array [
                  Object {
                    "from": null,
                    "sampling": 10000000,
                    "to": null,
                  },
                  Object {
                    "from": null,
                    "sampling": 60000000,
                    "to": null,
                  },
                  Object {
                    "from": null,
                    "sampling": 600000000,
                    "to": null,
                  },
                  Object {
                    "from": null,
                    "sampling": 3600000000,
                    "to": null,
                  },
                  Object {
                    "from": null,
                    "sampling": 86400000000,
                    "to": null,
                  },
                ],
                "trialEndDate": 1664383443236,
                "trialPlanName": "secure-enterprise-standard-monthly",
              },
              "sysdig": Object {
                "buckets": Array [],
                "enabled": false,
                "enabledSSE": false,
              },
            },
            "dateActivated": 1661791669709,
            "dateCreated": 1661791442936,
            "enabled": true,
            "firstName": "Stefan",
            "id": 50003375,
            "intercomUserIdHash": "7941192844d448aedd650df4bd26799efd5fca275a1f1eef775ee67b6cf061ad",
            "lastName": "Virag",
            "lastSeenOnSecure": 1663497618871,
            "lastUpdated": 1663497618871,
            "name": "stefan.virag@contractor.jupiterone.com",
            "oauth": false,
            "pictureUrl": "http://www.gravatar.com/avatar/ba5b87ffa4527a556b5f6da95fe36fe5",
            "products": Array [
              "SDC",
              "SDS",
            ],
            "properties": Object {
              "has_been_invited": false,
            },
            "remoteWriteParams": Object {
              "serverAddress": "app.us4.sysdig.com",
            },
            "resetPassword": false,
            "status": "confirmed",
            "systemRole": "ROLE_CUSTOMER",
            "teamRoles": Array [
              Object {
                "admin": true,
                "role": "ROLE_TEAM_MANAGER",
                "teamId": 50006626,
                "teamName": "Secure Operations",
                "teamTheme": "#7BB0B2",
                "userId": 50003375,
                "userName": "stefan.virag@contractor.jupiterone.com",
              },
              Object {
                "admin": true,
                "role": "ROLE_TEAM_MANAGER",
                "teamId": 50006625,
                "teamName": "Monitor Operations",
                "teamTheme": "#7BB0B2",
                "userId": 50003375,
                "userName": "stefan.virag@contractor.jupiterone.com",
              },
            ],
            "termsAndConditions": true,
            "timezone": "+00:00",
            "uniqueIntercomUserId": "50003375.fbd8b3fc-781c-4e7f-afac-a2ee9309f4c9",
            "username": "stefan.virag@contractor.jupiterone.com",
            "version": 2,
          },
        },
      ],
      "_type": "sysdig_scanner",
      "active": undefined,
      "category": Array [
        "image",
      ],
      "createdOn": undefined,
      "displayName": "Stefan Virag",
      "function": "scanning",
      "id": "50003375",
      "name": "stefan.virag@contractor.jupiterone.com",
      "products": Array [
        "SDC",
        "SDS",
      ],
      "status": "confirmed",
      "username": "stefan.virag@contractor.jupiterone.com",
      "version": 2,
    },
  ],
  "encounteredTypes": Array [
    "sysdig_scanner",
  ],
  "numCollectedEntities": 1,
}
`;
